[www.savannahstate.edu/index.html]
[www.savannahstate.edu/images/savannah_state_university_favicon.png]
[backblue.gif]
[fade.gif]
[index.html]
[www.savannahstate.edu/places/images/hill-hall.jpg]
[www.savannahstate.edu/Scripts/google-tag-manager.js]
[www.savannahstate.edu/styles/bootstrap-combined.min.css]
[www.savannahstate.edu/styles/ssu-main.min.css]
[ajax.googleapis.com/ajax/libs/jquery/1.11.1/jquery.min.js]
[cdnjs.cloudflare.com/ajax/libs/picturefill/2.3.1/picturefill.min.js]
[www.savannahstate.edu/styles/home.min.css]
[connect.facebook.net/en_US/sdk.js]
[www.savannahstate.edu/images/savannah_state_university_logo.jpg]
[www.savannahstate.edu/registrar/paws.html]
[www.savannahstate.edu/about-ssu/index.html]
[www.savannahstate.edu/prospective-student/tours.html]
[www.savannahstate.edu/about-ssu/history.html]
[www.savannahstate.edu/faculty-staff/admin.html]
[www.savannahstate.edu/president/index.html]
[www.savannahstate.edu/president/policies.html]
[www.savannahstate.edu/prospective-student/index.html]
[www.savannahstate.edu/undergraduate/index.html]
[www.savannahstate.edu/graduate/admissions.html]
[www.savannahstate.edu/undergraduate/undergrad-new-tigers.html]
[www.savannahstate.edu/undergraduate/transfer-tigers.html]
[www.savannahstate.edu/undergraduate/international-tigers.html]
[www.savannahstate.edu/adult-military/index.html]
[www.savannahstate.edu/dual-enrollment/index.html]
[www.savannahstate.edu/undergraduate/military-tigers.html]
[www.savannahstate.edu/elearning/index.html]
[www.savannahstate.edu/academic-affairs/index-2.html]
[www.savannahstate.edu/financial-aid/index.html]
[www.savannahstate.edu/academic-affairs/index.html]
[www.savannahstate.edu/colleges-schools/index.html]
[www.savannahstate.edu/graduate/index.html]
[www.savannahstate.edu/academic-affairs/academic-information/index.html]
[www.savannahstate.edu/international-education/index.html]
[www.savannahstate.edu/cssr/index.html]
[www.savannahstate.edu/academic-affairs/calendars.html]
[www.savannahstate.edu/library/index.html]
[www.savannahstate.edu/registrar/class-sched.html]
[www.savannahstate.edu/cost/nrotc/index.html]
[www.savannahstate.edu/public-safety/index.html]
[www.savannahstate.edu/whcj/index.html]
[www.savannahstate.edu/campus-life/clubs.html]
[www.savannahstate.edu/sports-wellness/index.html]
[www.savannahstate.edu/counseling/index.html]
[www.savannahstate.edu/disability/index.html]
[www.savannahstate.edu/registrar/vetaffairs.html]
[www.savannahstate.edu/health-services/index.html]
[www.savannahstate.edu/dining/index.html]
[www.savannahstate.edu/housing/index.html]
[www.savannahstate.edu/financial-aid/index-2.html]
[www.savannahstate.edu/bursar/tuition/index.html]
[www.savannahstate.edu/campus-life/index.html]
[www.savannahstate.edu/testing/index.html]
[www.savannahstate.edu/current-students/webmail.html]
[www.savannahstate.edu/bursar/index.html]
[www.savannahstate.edu/parking-transportation/index.html]
[www.savannahstate.edu/registrar/index.html]
[www.savannahstate.edu/events/index-2.html]
[platform.twitter.com/widgets.js]
[www.savannahstate.edu/scripts/events.min.js]
[www.savannahstate.edu/scripts/news.min.js]
[www.savannahstate.edu/scripts/social-stream.min.js]
[www.savannahstate.edu/scripts/home.min681a.js]
[www.savannahstate.edu/images/map-hi_res.jpg]
[www.savannahstate.edu/images/transparent.png]
[www.savannahstate.edu/irp/consumer-information.html]
[www.savannahstate.edu/irp/SACS/index.html]
[www.savannahstate.edu/faculty-staff/offices.html]
[www.savannahstate.edu/faculty-staff/research.html]
[www.savannahstate.edu/disability/index-2.html]
[www.savannahstate.edu/counseling/index-2.html]
[www.savannahstate.edu/president/strategic-plan.html]
[www.savannahstate.edu/title-ix/index.html]
[www.savannahstate.edu/comptroller/business-compliance/comptroller-forms.html]
[www.savannahstate.edu/fiscal-affairs/privacy-policy.html]
[www.savannahstate.edu/images/homepage/savannah-graduates-logo.png]
[www.savannahstate.edu/public-safety/index-2.html]
[www.savannahstate.edu/contact-us.html]
[www.savannahstate.edu/scripts/serviceUtilities.min.js]
[maxcdn.bootstrapcdn.com/bootstrap/3.3.4/js/bootstrap.min.js]
[www.savannahstate.edu/scripts/suggested-search.min.js]
[www.savannahstate.edu/scripts/analytics.js]
[www.savannahstate.edu/scripts/main-ssu.min.js]
[www.savannahstate.edu/index.html]
[www.savannahstate.edu/Scripts/google-tag-manager.js]
[www.savannahstate.edu/fonts/glyphicons-halflings-regular.eot]
[www.savannahstate.edu/fonts/glyphicons-halflings-regulard41d.eot]
[www.savannahstate.edu/fonts/glyphicons-halflings-regular.woff2]
[www.savannahstate.edu/fonts/glyphicons-halflings-regular.ttf]
[www.savannahstate.edu/styles/bootstrap-combined.min.css]
[www.savannahstate.edu/images/horizontal-rule-wavy-line.png]
[www.savannahstate.edu/images/orange-arrow.png]
[www.savannahstate.edu/images/white-arrow.png]
[www.savannahstate.edu/images/callOuts/hill-hall2.jpg]
[www.savannahstate.edu/images/callOuts/university-village.jpg]
[www.savannahstate.edu/images/callOuts/marsh-skyview.jpg]
[www.savannahstate.edu/images/callOuts/many-interconnected-highways.jpg]
[www.savannahstate.edu/images/callouts/hill-hall.jpg]
[www.savannahstate.edu/places/images/social-sciences-small.jpg]
[www.savannahstate.edu/places/images/tiger-arena-med-wide.jpg]
[www.savannahstate.edu/places/images/wiley-wilcox-gym-med-wide.jpg]
[www.savannahstate.edu/images/callouts/whiting-hall.jpg]
[www.savannahstate.edu/images/callouts/seated-on-stairs.jpg]
[www.savannahstate.edu/places/images/bostic-hall-med-wide.jpg]
[www.savannahstate.edu/places/images/bowen-smith-hall-med-wide.jpg]
[www.savannahstate.edu/places/images/Camilla-Hubert-Hall-med-wide.jpg]
[www.savannahstate.edu/places/images/Freshman-Living-Learning-Center-med-wide.jpg]
[www.savannahstate.edu/places/images/tiger-court-med-wide.jpg]
[www.savannahstate.edu/places/images/tiger-place-med-wide.jpg]
[www.savannahstate.edu/places/images/wright-hall-med-wide.jpg]
[www.savannahstate.edu/places/images/university-commons-med-wide.jpg]
[www.savannahstate.edu/places/images/university-village-med-wide.jpg]
[www.savannahstate.edu/places/images/savannah-ga-fountain.jpg]
[www.savannahstate.edu/places/images/student-union-med-wide.jpg]
[www.savannahstate.edu/places/images/howard-jordan-med-wide.jpg]
[www.savannahstate.edu/places/images/morgan-hall-med-wide.jpg]
[www.savannahstate.edu/places/images/hubert-technology-med-wide.jpg]
[www.savannahstate.edu/places/images/Payne-Hall-med-wide.jpg]
[www.savannahstate.edu/images/callouts/ssu-police-truck.jpg]
[www.savannahstate.edu/images/callouts/on-air-radio-sign.jpg]
[www.savannahstate.edu/images/callouts/young-man-on-camera.jpg]
[www.savannahstate.edu/images/callouts/streaming-keyboard-button.jpg]
[www.savannahstate.edu/images/callouts/computer.jpg]
[www.savannahstate.edu/images/callouts/africian-dance-class.jpg]
[www.savannahstate.edu/images/callouts/beakers-scale.jpg]
[www.savannahstate.edu/images/callouts/boat-in-thick-marsh.jpg]
[www.savannahstate.edu/images/callouts/female-male-student-outside.jpg]
[www.savannahstate.edu/images/callouts/group-of-students.jpg]
[www.savannahstate.edu/images/callouts/kennedy-building-sculture.jpg]
[www.savannahstate.edu/images/callouts/man-on-boat.jpg]
[www.savannahstate.edu/images/callouts/paint-palette.jpg]
[www.savannahstate.edu/images/callouts/smiling-male-dancer.jpg]
[www.savannahstate.edu/images/callouts/ssu-boat.jpg]
[www.savannahstate.edu/images/callouts/student-professor-green-liquid.jpg]
[www.savannahstate.edu/images/callouts/students-in-class.jpg]
[www.savannahstate.edu/images/callouts/t-a-wright-stadium.jpg]
[www.savannahstate.edu/images/callouts/well-dressed-man-outside.jpg]
[www.savannahstate.edu/images/callouts/woman-on-boat-on-marsh.jpg]
[www.savannahstate.edu/images/callouts/women-talking-outside.jpg]
[www.savannahstate.edu/images/sprites/department-social_sprites.png]
[www.savannahstate.edu/images/sprites/social_sprite.png]
[www.savannahstate.edu/places/images/social-sciences-med-wide.jpg]
[www.savannahstate.edu/images/blue-pixel.gif]
[www.savannahstate.edu/styles/ssu-main.min.css]
[www.savannahstate.edu/styles/home.min.css]
[connect.facebook.net/en_US/sdk.js]
[www.savannahstate.edu/styles/profile.css]
[www.savannahstate.edu/styles/cookie-policy.css]
[www.savannahstate.edu/president/index-2.html]
[www.savannahstate.edu/places/index-2.html]
[www.savannahstate.edu/graduate/index-2.html]
[www.savannahstate.edu/enrollment/index-2.html]
[www.savannahstate.edu/colleges-schools/index-2.html]
[www.savannahstate.edu/contact-us7ede.html]
[www.savannahstate.edu/current-students/index-2.html]
[www.savannahstate.edu/registrar/index-2.html]
[www.savannahstate.edu/index-2.html]
[www.savannahstate.edu/registrar/request_transcript.html]
[www.savannahstate.edu/registrar/important-documents.html]
[www.savannahstate.edu/commencement/index.html]
[www.savannahstate.edu/registrar/degreeworks.html]
[www.savannahstate.edu/registrar/degree-programs.html]
[www.savannahstate.edu/registrar/mini-mester.html]
[www.savannahstate.edu/profiles/departmentbf56.html]
[www.savannahstate.edu/scripts/leftMenu.min.js]
[www.savannahstate.edu/computer-services/tigerworld.html]
[www.savannahstate.edu/search/index.html]
[www.savannahstate.edu/map/index.html]
[www.savannahstate.edu/human-resources/index-2.html]
[www.savannahstate.edu/faculty-staff/index-2.html]
[www.savannahstate.edu/title-IX/index-2.html]
[www.savannahstate.edu/Scripts/cookie-policy.js]
[www.savannahstate.edu/Scripts/serviceUtilities.min-2.js]
[www.savannahstate.edu/Scripts/suggested-search.min-2.js]
[www.savannahstate.edu/Scripts/analytics-2.js]
[www.savannahstate.edu/Scripts/main-ssu.min-2.js]
[www.savannahstate.edu/registrar/paws.html]
[www.savannahstate.edu/images/banners/hill-hall-off-center.jpg]
[www.savannahstate.edu/images/banners/hill-hall-off-center-640.jpg]
[www.savannahstate.edu/images/banners/hill-hall-off-center-1024.jpg]
[www.savannahstate.edu/about-ssu/index.html]
[www.savannahstate.edu/president/accreditation.html]
[www.savannahstate.edu/prospective-student/contact-us.html]
[www.savannahstate.edu/images/tiles/customview-ad.jpg]
[www.savannahstate.edu/images/tiles/tile-mowr.jpg]
[www.savannahstate.edu/prospective-student/tours.html]
[www.savannahstate.edu/images/banners/Normal-School-Class-of-1900.jpg]
[www.savannahstate.edu/images/banners/Normal-School-Class-of-1900-640.jpg]
[www.savannahstate.edu/about-ssu/history.html]
[www.savannahstate.edu/president/biography/index.html]
[www.savannahstate.edu/images/banners/hill-hall-watertower.jpg]
[www.savannahstate.edu/images/banners/hill-hall-watertower-640.jpg]
[www.savannahstate.edu/computer-services/index.html]
[www.savannahstate.edu/faculty-senate/index.html]
[www.savannahstate.edu/title-iii/index.html]
[www.savannahstate.edu/human-resources/equity-diversity.html]
[www.savannahstate.edu/fiscal-affairs/index.html]
[www.savannahstate.edu/staff-council/index.html]
[www.savannahstate.edu/student-affairs/index.html]
[www.savannahstate.edu/faculty-staff/admin.html]
[www.savannahstate.edu/marketing-communications/index.html]
[www.savannahstate.edu/president/cabinet.html]
[www.savannahstate.edu/president/ccg.html]
[www.savannahstate.edu/president/bov.html]
[www.savannahstate.edu/president/ombudsman-office.html]
[www.savannahstate.edu/president/index.html]
[www.savannahstate.edu/president/comprehensive-administrative-review/index.html]
[www.savannahstate.edu/president/policies.html]
[www.savannahstate.edu/comptroller/business-compliance/manuals.html]
[www.savannahstate.edu/places/index.html]
[www.savannahstate.edu/images/banners/students-posing-in-front-of-hill-hall.jpg]
[www.savannahstate.edu/images/banners/students-posing-in-front-of-hill-hall-640.jpg]
[www.savannahstate.edu/images/banners/students-posing-in-front-of-hill-hall-1024.jpg]
[www.savannahstate.edu/prospective-student/index.html]
[www.savannahstate.edu/images/banners/male_female_diverse_students.jpg]
[www.savannahstate.edu/images/banners/male_female_diverse_students-640.jpg]
[www.savannahstate.edu/images/banners/male_female_diverse_students-1024.jpg]
[www.savannahstate.edu/undergraduate/meet-the-staff.html]
[www.savannahstate.edu/undergraduate/waiver-tuition-classification.html]
[www.savannahstate.edu/undergraduate/HonorsatSSU.html]
[www.savannahstate.edu/undergraduate/virtual-admissions-sessions.html]
[www.savannahstate.edu/_files/styles/vertical-tabs.min.css]
[www.savannahstate.edu/images/homepage/students-walking-with-tiger-mascot-640.jpg]
[www.savannahstate.edu/images/homepage/students-walking-with-tiger-mascot.jpg]
[www.savannahstate.edu/enrollment/orientation.html]
[www.savannahstate.edu/enrollment/docs/New-Tiger-Checklist.jpg]
[www.savannahstate.edu/undergraduate/transient-tigers.html]
[www.savannahstate.edu/undergraduate/non-traditional-tigers.html]
[www.savannahstate.edu/undergraduate/tigers-62.html]
[www.savannahstate.edu/undergraduate/post-baccalaureate-tigers.html]
[www.savannahstate.edu/undergraduate/re-admit-tigers.html]
[www.savannahstate.edu/Scripts/vertical-tabs.js]
[www.savannahstate.edu/Scripts/admissions-personas.js]
[www.savannahstate.edu/undergraduate/index.html]
[www.savannahstate.edu/graduate/master-degrees/index.html]
[www.savannahstate.edu/graduate/master-degrees/degrees-grad-ba.html]
[www.savannahstate.edu/graduate/master-degrees/degrees-grad-ms.html]
[www.savannahstate.edu/graduate/master-degrees/degrees-grad-math.html]
[www.savannahstate.edu/graduate/master-degrees/degrees-grad-pa.html]
[www.savannahstate.edu/graduate/master-degrees/degrees-grad-sw.html]
[www.savannahstate.edu/graduate/master-degrees/degrees-grad-npo.html]
[www.savannahstate.edu/graduate/master-degrees/degrees-grad-mus.html]
[www.savannahstate.edu/graduate/guide/index.html]
[www.savannahstate.edu/bursar/tuition.html]
[www.savannahstate.edu/graduate/guide/assistantship.html]
[www.savannahstate.edu/graduate/guide/employment.html]
[www.savannahstate.edu/profiles/department0b56.html]
[www.savannahstate.edu/graduate/guide/coordinators.html]
[www.savannahstate.edu/graduate/guide/health-insurance.html]
[www.savannahstate.edu/graduate/guide/faqs.html]
[www.savannahstate.edu/graduate/admissions.html]
[www.savannahstate.edu/undergraduate/undergrad-new-tigers.html]
[www.savannahstate.edu/undergraduate/transfer-tigers.html]
[www.savannahstate.edu/undergraduate/international-tigers.html]
[www.savannahstate.edu/graduate/request-info.html]
[www.savannahstate.edu/adult-military/return-to-college.html]
[www.savannahstate.edu/adult-military/prior-learning.html]
[www.savannahstate.edu/adult-military/online-education.html]
[www.savannahstate.edu/adult-military/financial-resources.html]
[www.savannahstate.edu/adult-military/resources.html]
[www.savannahstate.edu/adult-military/index.html]
[www.savannahstate.edu/adult-military/study-skills.html]
[www.savannahstate.edu/images/banners/students-with-professor-outdoors-1024.jpg]
[www.savannahstate.edu/dual-enrollment/application.html]
[www.savannahstate.edu/dual-enrollment/qualifications.html]
[www.savannahstate.edu/dual-enrollment/index.html]
[www.savannahstate.edu/dual-enrollment/resources.html]
[www.savannahstate.edu/undergraduate/military-tigers.html]
[www.savannahstate.edu/Testing/accuplacer.html]
[www.savannahstate.edu/images/banners/female-student-in-computer-lab.jpg]
[www.savannahstate.edu/images/banners/female-student-in-computer-lab-640.jpg]
[www.savannahstate.edu/elearning/work.html]
[www.savannahstate.edu/elearning/succeed.html]
[www.savannahstate.edu/elearning/technology.html]
[www.savannahstate.edu/elearning/faculty-resources.html]
[www.savannahstate.edu/elearning/considering-FAQs.html]
[www.savannahstate.edu/elearning/hints-tips.html]
[www.savannahstate.edu/elearning/software.html]
[www.savannahstate.edu/coba/bbaonline/index.html]
[www.savannahstate.edu/elearning/time-management.html]
[www.savannahstate.edu/elearning/index.html]
[www.savannahstate.edu/enrollment/index.html]
[www.savannahstate.edu/elearning/acknowledgement.html]
[www.savannahstate.edu/images/banners/male-student-backward-cap.jpg]
[www.savannahstate.edu/images/banners/male-student-backward-cap-640.jpg]
[www.savannahstate.edu/financial-aid/how-to-apply-financial-aid.html]
[www.savannahstate.edu/financial-aid/types-of-aid/index.html]
[www.savannahstate.edu/financial-aid/types-of-aid/loans.html]
[www.savannahstate.edu/financial-aid/types-of-aid/financial-aid-grants.html]
[www.savannahstate.edu/financial-aid/types-of-aid/scholarships.html]
[www.savannahstate.edu/financial-aid/types-of-aid/work-programs.html]
[www.savannahstate.edu/financial-aid/types-of-aid/fws-job-opening.html]
[www.savannahstate.edu/financial-aid/types-of-aid/things-to-know.html]
[www.savannahstate.edu/financial-aid/residency.html]
[www.savannahstate.edu/financial-aid/documents/Withdrawals-title-iv.pdf]
[www.savannahstate.edu/financial-aid/reapply-for-aid.html]
[www.savannahstate.edu/financial-aid/disbursement-of-funds.html]
[www.savannahstate.edu/financial-aid/financial-aid-forms.html]
[www.savannahstate.edu/financial-aid/student-rights.html]
[www.savannahstate.edu/financial-aid/verification.html]
[www.savannahstate.edu/financial-aid/satisfactory-academic-progress-policy.html]
[www.savannahstate.edu/financial-aid/contact-us.html]
[www.savannahstate.edu/images/spinning-loader.gif]
[www.savannahstate.edu/financial-aid/index.html]
[www.savannahstate.edu/Scripts/employees.js]
[www.savannahstate.edu/images/banners/student-listening-to-professor.jpg]
[www.savannahstate.edu/images/banners/student-listening-to-professor-640.jpg]
[www.savannahstate.edu/images/banners/student-listening-to-professor-1024.jpg]
[www.savannahstate.edu/academic-affairs/academic-information/academic-eligibility.html]
[www.savannahstate.edu/academic-affairs/academic-information/academic-policies.html]
[www.savannahstate.edu/academic-affairs/documents/American-Council-on-Education.pdf]
[www.savannahstate.edu/academic-affairs/academic-information/waiver.html]
[www.savannahstate.edu/academic-affairs/family-ed-priv-act.html]
[www.savannahstate.edu/academic-affairs/deans-council.html]
[www.savannahstate.edu/academic-affairs/npcc.html]
[www.savannahstate.edu/academic-affairs/momentum-year.html]
[www.savannahstate.edu/academic-affairs/academic-mindset.html]
[www.savannahstate.edu/academic-affairs/forms.html]
[www.savannahstate.edu/academic-affairs/index.html]
[www.savannahstate.edu/academic-affairs/index-2.html]
[www.savannahstate.edu/profiles/departmentdd03.html]
[www.savannahstate.edu/images/banners/kennedy.jpg]
[www.savannahstate.edu/images/banners/kennedy-640.jpg]
[www.savannahstate.edu/images/banners/kennedy-1024.jpg]
[www.savannahstate.edu/coba/index.html]
[www.savannahstate.edu/class/index.html]
[www.savannahstate.edu/cost/index.html]
[www.savannahstate.edu/coe/index.html]
[www.savannahstate.edu/_files/images/tiles/tile-money-for-school.jpg]
[www.savannahstate.edu/colleges-schools/index.html]
[www.savannahstate.edu/graduate/images/cgc-header.jpg]
[www.savannahstate.edu/scripts/news.js]
[www.savannahstate.edu/graduate/index.html]
[www.savannahstate.edu/academic-affairs/academic-information/index.html]
[www.savannahstate.edu/cgc/index.html]
[www.savannahstate.edu/international-education/images/international-flags.jpg]
[www.savannahstate.edu/international-education/students.html]
[www.savannahstate.edu/english-language-institute/index.html]
[www.savannahstate.edu/international-education/peace-corps-prep-certificate.html]
[www.savannahstate.edu/profiles/department1f44.html]
[www.savannahstate.edu/international-education/study-abroad/index.html]
[www.savannahstate.edu/international-education/study-abroad/costa-rica.html]
[www.savannahstate.edu/international-education/study-abroad/ghana.html]
[www.savannahstate.edu/international-education/study-abroad/study-abroad-japan.html]
[www.savannahstate.edu/international-education/study-abroad/barbados-study-abroad.html]
[www.savannahstate.edu/international-education/study-abroad/study-abroad-peru.html]
[www.savannahstate.edu/international-education/study-abroad/standard-page.html]
[www.savannahstate.edu/international-education/study-abroad/guyana-study-abroad.html]
[www.savannahstate.edu/international-education/community-garden/index.html]
[www.savannahstate.edu/international-education/community-garden/details.html]
[www.savannahstate.edu/international-education/community-garden/policies.html]
[www.savannahstate.edu/international-education/kayaking/index.html]
[www.savannahstate.edu/international-education/index.html]
[www.savannahstate.edu/places/Colston_Administration.html]
[www.savannahstate.edu/images/banners/students-with-professor-outdoors.jpg]
[www.savannahstate.edu/images/banners/students-with-professor-outdoors-640.jpg]
[www.savannahstate.edu/cssr/advisors.html]
[www.savannahstate.edu/cssr/tutorial-services.html]
[www.savannahstate.edu/cssr/advisement.html]
[www.savannahstate.edu/cssr/faculty-staff.html]
[www.savannahstate.edu/cssr/FAQ.html]
[www.savannahstate.edu/cssr/focus2.html]
[www.savannahstate.edu/cssr/goals.html]
[www.savannahstate.edu/cssr/index.html]
[www.savannahstate.edu/places/Hubert_Technology.html]
[www.savannahstate.edu/academic-affairs/documents/academiccalendar_spring2022.pdf]
[www.savannahstate.edu/academic-affairs/documents/academiccalendar_summer2022.pdf]
[www.savannahstate.edu/academic-affairs/documents/academiccalendar_fall2022.pdf]
[www.savannahstate.edu/academic-affairs/documents/academiccalendar_spring2023.pdf]
[www.savannahstate.edu/academic-affairs/documents/academiccalendar_summer2023.pdf]
[www.savannahstate.edu/academic-affairs/finalexamsfall2022.pdf]
[www.savannahstate.edu/academic-affairs/documents/academiccalendar_fall2021.pdf]
[www.savannahstate.edu/academic-affairs/documents/academiccalendarsummer2021_12mar2020.pdf]
[www.savannahstate.edu/registrar/academiccalendarspring2021_21oct2020.pdf]
[www.savannahstate.edu/academic-affairs/calendars.html]
[www.savannahstate.edu/styles/bootstrap-changed-breakpoints.min.css]
[www.savannahstate.edu/library/css/style.css]
[savannahstate.edu/library/images/Library-Logo.jpg]
[code.jquery.com/ui/1.11.4/jquery-ui.js]
[www.savannahstate.edu/library/greeting.html]
[www.savannahstate.edu/library/faculty_staff.html]
[www.savannahstate.edu/library/about.html]
[www.savannahstate.edu/library/hours.html]
[www.savannahstate.edu/library/departments.html]
[www.savannahstate.edu/library/images/books1.jpg]
[www.savannahstate.edu/library/account-access.html]
[www.galileo.usg.edu/javascript/search_galileo.js]
[www.savannahstate.edu/library/contact-librarian.html]
[www.savannahstate.edu/library/students.html]
[www.savannahstate.edu/library/faculty.html]
[www.savannahstate.edu/library/images/exhibits/exhibit1.jpg]
[www.savannahstate.edu/library/images/exhibits/exhibit2.jpg]
[www.savannahstate.edu/library/images/exhibits/exhibit3.jpg]
[www.savannahstate.edu/library/scripts/home-search.js]
[www.savannahstate.edu/images/SSU-campus-map-black&white.html]
[www.savannahstate.edu/library/index.html]
[www.savannahstate.edu/registrar/class-sched.html]
[www.savannahstate.edu/cost/nrotc/index.html]
[www.savannahstate.edu/development/why-give.html]
[www.savannahstate.edu/public-safety/index.html]
[www.savannahstate.edu/whcj/index.html]
[www.savannahstate.edu/campus-life/clubs.html]
[www.savannahstate.edu/sports-wellness/index.html]
[www.savannahstate.edu/counseling/index.html]
[www.savannahstate.edu/disability/index.html]
[www.savannahstate.edu/registrar/vetaffairs.html]
[www.savannahstate.edu/health-services/index.html]
[www.savannahstate.edu/dining/index.html]
[www.savannahstate.edu/events/index.html]
[www.savannahstate.edu/housing/index.html]
[www.savannahstate.edu/financial-aid/index-2.html]
[www.savannahstate.edu/bursar/tuition/index.html]
[www.savannahstate.edu/campus-life/index.html]
[www.savannahstate.edu/testing/index.html]
[www.savannahstate.edu/current-students/index.html]
[www.savannahstate.edu/current-students/webmail.html]
[www.savannahstate.edu/bursar/index.html]
[www.savannahstate.edu/registrar/index.html]
[www.savannahstate.edu/parking-transportation/index.html]
[www.savannahstate.edu/events/index-2.html]
[www.savannahstate.edu/scripts/events.min.js]
[www.savannahstate.edu/scripts/news.min.js]
[www.savannahstate.edu/scripts/social-stream.min.js]
[www.savannahstate.edu/scripts/home.min681a.js]
[www.savannahstate.edu/human-resources/index.html]
[www.savannahstate.edu/irp/consumer-information.html]
[www.savannahstate.edu/faculty-staff/index.html]
[www.savannahstate.edu/irp/SACS/index.html]
[www.savannahstate.edu/faculty-staff/offices.html]
[www.savannahstate.edu/faculty-staff/research.html]
[www.savannahstate.edu/disability/index-2.html]
[www.savannahstate.edu/counseling/index-2.html]
[www.savannahstate.edu/president/strategic-plan.html]
[www.savannahstate.edu/title-ix/index.html]
[www.savannahstate.edu/comptroller/business-compliance/comptroller-forms.html]
[www.savannahstate.edu/fiscal-affairs/privacy-policy.html]
[www.savannahstate.edu/public-safety/index-2.html]
[www.savannahstate.edu/contact-us.html]
[www.savannahstate.edu/scripts/serviceUtilities.min.js]
[www.savannahstate.edu/scripts/suggested-search.min.js]
[www.savannahstate.edu/scripts/analytics.js]
[www.savannahstate.edu/scripts/main-ssu.min.js]
[www.googletagmanager.com/gtm5445.html]
[www.savannahstate.edu/fonts/glyphicons-halflings-regular.html]
[www.savannahstate.edu/fonts/glyphicons-halflings-regular.svg]
[www.savannahstate.edu/styles/profile.css]
[www.savannahstate.edu/styles/cookie-policy.css]
[www.savannahstate.edu/president/index-2.html]
[www.savannahstate.edu/places/index-2.html]
[www.savannahstate.edu/graduate/index-2.html]
[www.savannahstate.edu/enrollment/index-2.html]
[www.savannahstate.edu/colleges-schools/index-2.html]
[www.savannahstate.edu/contact-us7ede.html]
[www.savannahstate.edu/current-students/index-2.html]
[www.savannahstate.edu/registrar/index-2.html]
[www.savannahstate.edu/index-2.html]
[www.savannahstate.edu/registrar/request_transcript.html]
[www.savannahstate.edu/registrar/important-documents.html]
[www.savannahstate.edu/commencement/index.html]
[www.savannahstate.edu/registrar/degreeworks.html]
[www.savannahstate.edu/registrar/degree-programs.html]
[www.savannahstate.edu/registrar/mini-mester.html]
[www.savannahstate.edu/profiles/departmentbf56.html]
[www.savannahstate.edu/scripts/leftMenu.min.js]
[www.savannahstate.edu/computer-services/tigerworld.html]
[www.savannahstate.edu/search/index.html]
[www.savannahstate.edu/map/index.html]
[www.savannahstate.edu/human-resources/index-2.html]
[www.savannahstate.edu/faculty-staff/index-2.html]
[www.savannahstate.edu/title-IX/index-2.html]
[www.savannahstate.edu/Scripts/cookie-policy.js]
[www.savannahstate.edu/Scripts/serviceUtilities.min-2.js]
[www.savannahstate.edu/Scripts/suggested-search.min-2.js]
[www.savannahstate.edu/Scripts/analytics-2.js]
[www.savannahstate.edu/Scripts/main-ssu.min-2.js]
[www.savannahstate.edu/president/accreditation.html]
[www.savannahstate.edu/president/cdd.html]
[www.savannahstate.edu/development/why-give-2.html]
[www.savannahstate.edu/news/index.html]
[www.savannahstate.edu/prospective-student/contact-us.html]
[www.savannahstate.edu/president/biography/index.html]
[www.savannahstate.edu/computer-services/index.html]
[www.savannahstate.edu/faculty-senate/index.html]
[www.savannahstate.edu/title-iii/index.html]
[www.savannahstate.edu/human-resources/equity-diversity.html]
[www.savannahstate.edu/staff-council/index.html]
[www.savannahstate.edu/fiscal-affairs/index.html]
[www.savannahstate.edu/student-affairs/index.html]
[www.savannahstate.edu/marketing-communications/index.html]
[www.savannahstate.edu/president/cabinet.html]
[www.savannahstate.edu/president/ccg.html]
[www.savannahstate.edu/president/ombudsman-office.html]
[www.savannahstate.edu/president/bov.html]
[www.savannahstate.edu/president/comprehensive-administrative-review/index.html]
[www.savannahstate.edu/comptroller/business-compliance/manuals.html]
[www.savannahstate.edu/undergraduate/meet-the-staff.html]
[www.savannahstate.edu/undergraduate/waiver-tuition-classification.html]
[www.savannahstate.edu/undergraduate/HonorsatSSU.html]
[www.savannahstate.edu/undergraduate/virtual-admissions-sessions.html]
[www.savannahstate.edu/_files/styles/vertical-tabs.min.css]
[www.savannahstate.edu/enrollment/orientation.html]
[www.savannahstate.edu/undergraduate/transient-tigers.html]
[www.savannahstate.edu/undergraduate/non-traditional-tigers.html]
[www.savannahstate.edu/undergraduate/tigers-62.html]
[www.savannahstate.edu/undergraduate/post-baccalaureate-tigers.html]
[www.savannahstate.edu/undergraduate/re-admit-tigers.html]
[www.savannahstate.edu/elearning/apply.html]
[www.savannahstate.edu/Scripts/vertical-tabs.js]
[www.savannahstate.edu/Scripts/admissions-personas.js]
[www.savannahstate.edu/graduate/master-degrees/index.html]
[www.savannahstate.edu/graduate/master-degrees/degrees-grad-ba.html]
[www.savannahstate.edu/graduate/master-degrees/degrees-grad-ms.html]
[www.savannahstate.edu/graduate/master-degrees/degrees-grad-math.html]
[www.savannahstate.edu/graduate/master-degrees/degrees-grad-pa.html]
[www.savannahstate.edu/graduate/master-degrees/degrees-grad-sw.html]
[www.savannahstate.edu/graduate/master-degrees/degrees-grad-npo.html]
[www.savannahstate.edu/graduate/master-degrees/degrees-grad-mus.html]
[www.savannahstate.edu/graduate/master-degrees/urban-management-track1.html]
[www.savannahstate.edu/graduate/guide/index.html]
[www.savannahstate.edu/bursar/tuition.html]
[www.savannahstate.edu/graduate/guide/assistantship.html]
[www.savannahstate.edu/graduate/guide/employment.html]
[www.savannahstate.edu/profiles/department0b56.html]
[www.savannahstate.edu/graduate/guide/coordinators.html]
[www.savannahstate.edu/graduate/guide/health-insurance.html]
[www.savannahstate.edu/graduate/guide/faqs.html]
[www.savannahstate.edu/graduate/request-info.html]
[www.savannahstate.edu/adult-military/return-to-college.html]
[www.savannahstate.edu/adult-military/prior-learning.html]
[www.savannahstate.edu/adult-military/online-education.html]
[www.savannahstate.edu/adult-military/financial-resources.html]
[www.savannahstate.edu/adult-military/resources.html]
[www.savannahstate.edu/adult-military/study-skills.html]
[www.savannahstate.edu/dual-enrollment/application.html]
[www.savannahstate.edu/dual-enrollment/qualifications.html]
[www.savannahstate.edu/dual-enrollment/resources.html]
[www.savannahstate.edu/Testing/accuplacer.html]
[www.savannahstate.edu/elearning/work.html]
[www.savannahstate.edu/elearning/succeed.html]
[www.savannahstate.edu/elearning/technology.html]
[www.savannahstate.edu/elearning/faculty-resources.html]
[www.savannahstate.edu/elearning/considering-FAQs.html]
[www.savannahstate.edu/elearning/hints-tips.html]
[www.savannahstate.edu/elearning/software.html]
[www.savannahstate.edu/coba/bbaonline/index.html]
[www.savannahstate.edu/elearning/time-management.html]
[www.savannahstate.edu/elearning/acknowledgement.html]
[www.savannahstate.edu/financial-aid/how-to-apply-financial-aid.html]
[www.savannahstate.edu/financial-aid/types-of-aid/index.html]
[www.savannahstate.edu/financial-aid/types-of-aid/loans.html]
[www.savannahstate.edu/financial-aid/types-of-aid/financial-aid-grants.html]
[www.savannahstate.edu/financial-aid/types-of-aid/scholarships.html]
[www.savannahstate.edu/financial-aid/types-of-aid/work-programs.html]
[www.savannahstate.edu/financial-aid/types-of-aid/fws-job-opening.html]
[www.savannahstate.edu/financial-aid/types-of-aid/things-to-know.html]
[www.savannahstate.edu/financial-aid/residency.html]
[www.savannahstate.edu/financial-aid/disbursement-of-funds.html]
[www.savannahstate.edu/financial-aid/reapply-for-aid.html]
[www.savannahstate.edu/financial-aid/financial-aid-forms.html]
[www.savannahstate.edu/financial-aid/student-rights.html]
[www.savannahstate.edu/financial-aid/verification.html]
[www.savannahstate.edu/financial-aid/satisfactory-academic-progress-policy.html]
[www.savannahstate.edu/financial-aid/contact-us.html]
[www.savannahstate.edu/Scripts/employees.js]
[www.savannahstate.edu/academic-affairs/academic-information/academic-eligibility.html]
[www.savannahstate.edu/academic-affairs/academic-information/academic-policies.html]
[www.savannahstate.edu/academic-affairs/academic-information/waiver.html]
[www.savannahstate.edu/academic-affairs/family-ed-priv-act.html]
[www.savannahstate.edu/academic-affairs/deans-council.html]
[www.savannahstate.edu/academic-affairs/npcc.html]
[www.savannahstate.edu/academic-affairs/momentum-year.html]
[www.savannahstate.edu/academic-affairs/academic-mindset.html]
[www.savannahstate.edu/academic-affairs/forms.html]
[www.savannahstate.edu/profiles/departmentdd03.html]
[www.savannahstate.edu/coba/index.html]
[www.savannahstate.edu/class/index.html]
[www.savannahstate.edu/cost/index.html]
[www.savannahstate.edu/coe/index.html]
[www.savannahstate.edu/news/index-2.html]
[www.savannahstate.edu/scripts/news.js]
[www.savannahstate.edu/cgc/index.html]
[www.savannahstate.edu/international-education/students.html]
[www.savannahstate.edu/english-language-institute/index.html]
[www.savannahstate.edu/international-education/peace-corps-prep-certificate.html]
[www.savannahstate.edu/profiles/department1f44.html]
[www.savannahstate.edu/international-education/study-abroad/index.html]
[www.savannahstate.edu/international-education/study-abroad/costa-rica.html]
[www.savannahstate.edu/international-education/study-abroad/ghana.html]
[www.savannahstate.edu/international-education/study-abroad/study-abroad-japan.html]
[www.savannahstate.edu/international-education/study-abroad/barbados-study-abroad.html]
[www.savannahstate.edu/international-education/study-abroad/study-abroad-peru.html]
[www.savannahstate.edu/international-education/study-abroad/guyana-study-abroad.html]
[www.savannahstate.edu/international-education/study-abroad/standard-page.html]
[www.savannahstate.edu/international-education/community-garden/index.html]
[www.savannahstate.edu/international-education/community-garden/details.html]
[www.savannahstate.edu/international-education/community-garden/policies.html]
[www.savannahstate.edu/international-education/kayaking/index.html]
[www.savannahstate.edu/places/Colston_Administration.html]
[www.savannahstate.edu/cssr/advisors.html]
[www.savannahstate.edu/cssr/tutorial-services.html]
[www.savannahstate.edu/cssr/advisement.html]
[www.savannahstate.edu/cssr/faculty-staff.html]
[www.savannahstate.edu/cssr/FAQ.html]
[www.savannahstate.edu/cssr/focus2.html]
[www.savannahstate.edu/cssr/goals.html]
[www.savannahstate.edu/places/Hubert_Technology.html]
[www.savannahstate.edu/styles/bootstrap-changed-breakpoints.min.css]
[www.savannahstate.edu/library/css/style.css]
[www.savannahstate.edu/library/greeting.html]
[www.savannahstate.edu/library/faculty_staff.html]
[www.savannahstate.edu/library/about.html]
[www.savannahstate.edu/library/hours.html]
[www.savannahstate.edu/library/departments.html]
[www.savannahstate.edu/library/account-access.html]
[cse.google.com/cse07b6.html]
[www.savannahstate.edu/library/contact-librarian.html]
[www.savannahstate.edu/library/students.html]
[www.savannahstate.edu/library/faculty.html]
[www.savannahstate.edu/library/scripts/home-search.js]
[www.savannahstate.edu/map/index-2.html]
[www.savannahstate.edu/prospective-student/tours-2.html]
